src/controllers/attackGraphController.ts(8,21): error TS2339: Property 'get' does not exist on type 'Lowdb<RecursivelyExtend<any, SyncTag>, AdapterSync<any>>'.
src/controllers/projectController.ts(9,25): error TS2339: Property 'get' does not exist on type 'Lowdb<RecursivelyExtend<any, SyncTag>, AdapterSync<any>>'.
src/controllers/projectController.ts(26,8): error TS2339: Property 'get' does not exist on type 'Lowdb<RecursivelyExtend<any, SyncTag>, AdapterSync<any>>'.
src/controllers/projectController.ts(32,8): error TS2339: Property 'get' does not exist on type 'Lowdb<RecursivelyExtend<any, SyncTag>, AdapterSync<any>>'.
src/controllers/projectController.ts(38,24): error TS2339: Property 'get' does not exist on type 'Lowdb<RecursivelyExtend<any, SyncTag>, AdapterSync<any>>'.
src/controllers/projectController.ts(46,24): error TS2339: Property 'get' does not exist on type 'Lowdb<RecursivelyExtend<any, SyncTag>, AdapterSync<any>>'.
src/controllers/projectController.ts(57,24): error TS2339: Property 'get' does not exist on type 'Lowdb<RecursivelyExtend<any, SyncTag>, AdapterSync<any>>'.
src/controllers/projectController.ts(59,14): error TS7006: Parameter 's' implicitly has an 'any' type.
src/controllers/projectController.ts(85,8): error TS2339: Property 'get' does not exist on type 'Lowdb<RecursivelyExtend<any, SyncTag>, AdapterSync<any>>'.
src/controllers/projectController.ts(89,8): error TS2339: Property 'get' does not exist on type 'Lowdb<RecursivelyExtend<any, SyncTag>, AdapterSync<any>>'.
src/controllers/projectController.ts(102,25): error TS2339: Property 'get' does not exist on type 'Lowdb<RecursivelyExtend<any, SyncTag>, AdapterSync<any>>'.
src/controllers/projectController.ts(104,25): error TS2339: Property 'get' does not exist on type 'Lowdb<RecursivelyExtend<any, SyncTag>, AdapterSync<any>>'.
src/controllers/projectController.ts(112,24): error TS2339: Property 'get' does not exist on type 'Lowdb<RecursivelyExtend<any, SyncTag>, AdapterSync<any>>'.
src/controllers/projectController.ts(150,12): error TS2339: Property 'get' does not exist on type 'Lowdb<RecursivelyExtend<any, SyncTag>, AdapterSync<any>>'.
src/controllers/projectController.ts(156,8): error TS2339: Property 'get' does not exist on type 'Lowdb<RecursivelyExtend<any, SyncTag>, AdapterSync<any>>'.
src/controllers/projectController.ts(161,8): error TS2339: Property 'get' does not exist on type 'Lowdb<RecursivelyExtend<any, SyncTag>, AdapterSync<any>>'.
src/controllers/projectController.ts(166,21): error TS2339: Property 'get' does not exist on type 'Lowdb<RecursivelyExtend<any, SyncTag>, AdapterSync<any>>'.
src/controllers/projectController.ts(181,21): error TS2339: Property 'get' does not exist on type 'Lowdb<RecursivelyExtend<any, SyncTag>, AdapterSync<any>>'.
src/db/index.ts(8,4): error TS2551: Property 'defaults' does not exist on type 'Lowdb<RecursivelyExtend<any, SyncTag>, AdapterSync<any>>'. Did you mean 'defaultTo'?
